---
source: crates/gravity-core/tests/codegen_snapshot_tests.rs
expression: output.code
---
# [derive (Clone , Debug)] pub enum Message { clear } impl iced :: Application for Model { type Executor = iced :: executor :: Default ; type Flags = () ; type Message = Message ; fn new (_flags : ()) -> (Self , iced :: Task < Self :: Message >) { (Self :: default () , iced :: Task :: none ()) } fn title (& self) -> String { "Gravity Application" . to_string () } } fn view (& self) -> iced :: Element < '_ , Self :: Message > { iced :: widget :: column (vec ! [iced :: widget :: text (Model :: items . len () . to_binding_value () . to_display_string ()) , iced :: widget :: text (Model :: name . to_uppercase () . to_binding_value () . to_display_string ()) , iced :: widget :: button ("Clear" . to_string ()) . on_press (Message :: clear)]) } fn update (& mut self , message : Self :: Message) -> iced :: Task < Self :: Message > { match message { Message :: clear => { clear (self) ; iced :: Task :: none () } } }
