---
source: crates/dampen-core/tests/codegen_snapshot_tests.rs
assertion_line: 519
expression: output.code
---
use iced :: { Element , Task } ; use crate :: ui :: window :: * ; # [derive (Debug , Clone)] pub enum Message { Delete } pub fn new_model () -> (Model , Task < Message >) { (Model :: default () , Task :: none ()) } pub fn update_model (model : & mut Model , message : Message) -> Task < Message > { match message { Message :: Delete => { delete (model) ; iced :: Task :: none () } } } pub fn view_model (model : & Model) -> Element < '_ , Message > { iced :: widget :: table :: Table :: new (vec ! [iced :: widget :: table :: column (iced :: widget :: text ("Actions" . to_string ()) , | (index , item) | { let _ = index ; Into :: < Element < '_ , Message >> :: into (iced :: widget :: button (iced :: widget :: text (format ! ("Delete {}" , index . to_string ()))) . on_press (Message :: Delete)) . into () })] , model . users) . into () }
