---
source: crates/dampen-core/tests/codegen_snapshot_tests.rs
expression: output.code
---
use crate :: ui :: window :: { self , Model } ; use iced :: { Element , Task , executor } ; # [derive (Clone , Debug)] pub enum Message { FloatAction } pub fn new_model () -> (Model , Task < Message >) { (Model :: default () , Task :: none ()) } pub fn update_model (model : & mut Model , message : Message) -> Task < Message > { match message { Message :: FloatAction => { ui :: window :: float_action (model) ; iced :: Task :: none () } } } pub fn view_model (model : & Model) -> Element < '_ , Message > { let count = & model . count ; iced :: widget :: float :: float_top_right (iced :: widget :: column (vec ! [iced :: widget :: button ("Floating Button" . to_string ()) . on_press (Message :: float_action (None))])) }
