---
source: crates/dampen-core/tests/codegen_snapshot_tests.rs
assertion_line: 159
expression: output.code
---
use crate :: ui :: window :: { self , Model } ; use iced :: { Element , Task , executor } ; # [derive (Clone , Debug)] pub enum Message { Clear } pub fn new_model () -> (Model , Task < Message >) { (Model :: default () , Task :: none ()) } pub fn update_model (model : & mut Model , message : Message) -> Task < Message > { match message { Message :: Clear => { ui :: window :: clear (model) ; iced :: Task :: none () } } } pub fn view_model (model : & Model) -> Element < '_ , Message > { let count = & model . count ; iced :: widget :: column (vec ! [iced :: widget :: text (items . to_string () . len () . to_string ()) , iced :: widget :: text (name . to_string () . to_uppercase () . to_string ()) , iced :: widget :: button ("Clear" . to_string ()) . on_press (Message :: clear (None))]) }
