---
source: crates/dampen-core/tests/codegen_snapshot_tests.rs
expression: output.code
---
# [derive (Clone , Debug)] pub enum Message { } impl iced :: Application for Model { type Executor = iced :: executor :: Default ; type Flags = () ; type Message = Message ; fn new (_flags : ()) -> (Self , iced :: Task < Self :: Message >) { (Self :: default () , iced :: Task :: none ()) } fn title (& self) -> String { "Dampen Application" . to_string () } } fn view (& self) -> iced :: Element < '_ , Self :: Message > { let model = & self . model ; iced :: widget :: text (self . counter . to_string ()) } fn update (& mut self , message : Self :: Message) -> iced :: Task < Self :: Message > { match message { } }
