---
source: crates/dampen-core/tests/codegen_snapshot_tests.rs
expression: output.code
---
use iced :: { Element , Task } ; use crate :: ui :: window :: * ; # [derive (Clone , Debug)] pub enum Message { Clear } pub fn new_model () -> (Model , Task < Message >) { (Model :: default () , Task :: none ()) } pub fn update_model (model : & mut Model , message : Message) -> Task < Message > { match message { Message :: Clear => { clear (model) ; iced :: Task :: none () } } } pub fn view_model (model : & Model) -> Element < '_ , Message > { Into :: < Element < '_ , Message >> :: into (iced :: widget :: column ({ let children : Vec < Element < '_ , Message >> = vec ! [iced :: widget :: text (model . items . to_string () . len () . to_string ()) . into () , iced :: widget :: text (model . name . to_string () . to_uppercase () . to_string ()) . into () , Into :: < Element < '_ , Message >> :: into (iced :: widget :: button (iced :: widget :: text ("Clear" . to_string ())) . on_press (Message :: Clear))] ; children })) }
