---
source: crates/dampen-core/tests/codegen_snapshot_tests.rs
assertion_line: 22
expression: output.code
---
use crate :: ui :: window :: { self , Model } ; use iced :: { Element , Task , executor } ; # [derive (Clone , Debug)] pub enum Message { HandleClick } pub fn new_model () -> (Model , Task < Message >) { (Model :: default () , Task :: none ()) } pub fn update_model (model : & mut Model , message : Message) -> Task < Message > { match message { Message :: HandleClick => { ui :: window :: handle_click (model) ; iced :: Task :: none () } } } pub fn view_model (model : & Model) -> Element < '_ , Message > { let count = & model . count ; iced :: widget :: button ("Click" . to_string ()) . on_press (Message :: handle_click (None)) }
