---
source: crates/dampen-core/tests/codegen_snapshot_tests.rs
expression: output.code
---
use iced :: { Element , Task } ; use crate :: ui :: window :: * ; # [derive (Debug , Clone)] pub enum Message { } pub fn new_model () -> (Model , Task < Message >) { (Model :: default () , Task :: none ()) } pub fn update_model (model : & mut Model , message : Message) -> Task < Message > { match message { } } pub fn view_model (model : & Model) -> Element < '_ , Message > { iced :: widget :: stack (vec ! [Into :: < Element < '_ , Message >> :: into (iced :: widget :: container (iced :: widget :: text ("Background" . to_string ()) . into ())) , Into :: < Element < '_ , Message >> :: into (iced :: widget :: container (iced :: widget :: text ("Overlay" . to_string ()) . into ()))]) . into () }
