---
source: crates/dampen-core/tests/codegen_snapshot_tests.rs
expression: output.code
---
use iced :: { Element , Task } ; use crate :: ui :: window :: * ; # [derive (Debug , Clone)] pub enum Message { } pub fn new_model () -> (Model , Task < Message >) { (Model :: default () , Task :: none ()) } pub fn update_model (model : & mut Model , message : Message) -> Task < Message > { match message { } } pub fn view_model (model : & Model) -> Element < '_ , Message > { Into :: < Element < '_ , Message >> :: into (iced :: widget :: column ({ let children : Vec < Element < '_ , Message >> = vec ! [iced :: widget :: text ("Before" . to_string ()) . into () , iced :: widget :: Space :: new () . width (iced :: Length :: Fixed (50f32)) . height (iced :: Length :: Fixed (20f32)) . into () , iced :: widget :: text ("After" . to_string ()) . into ()] ; children })) }
