---
source: crates/dampen-core/tests/codegen_snapshot_tests.rs
expression: output.code
---
use iced :: { Element , Task } ; use crate :: ui :: window :: * ; # [derive (Clone , Debug)] pub enum Message { } pub fn new_model () -> (Model , Task < Message >) { (Model :: default () , Task :: none ()) } pub fn update_model (model : & mut Model , message : Message) -> Task < Message > { match message { } } pub fn view_model (model : & Model) -> Element < '_ , Message > { { let content : iced :: Element < '_ , _ , _ > = iced :: widget :: column (vec ! [iced :: widget :: text ("Line 1" . to_string ()) . into () , iced :: widget :: text ("Line 2" . to_string ()) . into () , iced :: widget :: text ("Line 3" . to_string ()) . into ()]) . into () ; iced :: widget :: scrollable (content) } . height (iced :: Length :: Fixed (400f32)) . into () }
