---
source: crates/dampen-core/tests/codegen_snapshot_tests.rs
expression: output.code
---
use iced :: { Element , Task } ; use crate :: ui :: window :: * ; # [derive (Debug , Clone)] pub enum Message { } pub fn new_model () -> (Model , Task < Message >) { (Model :: default () , Task :: none ()) } pub fn update_model (model : & mut Model , message : Message) -> Task < Message > { match message { } } pub fn view_model (model : & Model) -> Element < '_ , Message > { Into :: < Element < '_ , Message >> :: into (iced :: widget :: scrollable (iced :: widget :: column ({ let children : Vec < Element < '_ , Message >> = vec ! [Into :: < Element < '_ , Message >> :: into (iced :: widget :: column ({ let children : Vec < Element < '_ , Message >> = vec ! [iced :: widget :: text ("Line 1" . to_string ()) . into () , iced :: widget :: text ("Line 2" . to_string ()) . into () , iced :: widget :: text ("Line 3" . to_string ()) . into ()] ; children }))] ; children })) . height (iced :: Length :: Fixed (400f32))) }
