---
source: crates/dampen-core/tests/codegen_snapshot_tests.rs
expression: output.code
---
use iced :: { Element , Task } ; use crate :: ui :: window :: * ; # [derive (Debug , Clone)] pub enum Message { ToggleFeature (bool) } pub fn new_model () -> (Model , Task < Message >) { (Model :: default () , Task :: none ()) } pub fn update_model (model : & mut Model , message : Message) -> Task < Message > { match message { Message :: ToggleFeature (value) => { toggle_feature (model , value) ; iced :: Task :: none () } } } pub fn view_model (model : & Model) -> Element < '_ , Message > { iced :: widget :: toggler ("Enable Feature" . to_string () , model . feature_enabled . to_string () , None) . on_toggle (| _ | Message :: ToggleFeature) . into () }
