---
source: crates/dampen-core/tests/codegen_snapshot_tests.rs
expression: output.code
---
use iced :: { Element , Task } ; use crate :: ui :: window :: * ; # [derive (Clone , Debug)] pub enum Message { Submit } pub fn new_model () -> (Model , Task < Message >) { (Model :: default () , Task :: none ()) } pub fn update_model (model : & mut Model , message : Message) -> Task < Message > { match message { Message :: Submit => { submit (model) ; iced :: Task :: none () } } } pub fn view_model (model : & Model) -> Element < '_ , Message > { iced :: widget :: button (iced :: widget :: text ("Submit" . to_string ())) . on_press_maybe (if model . count > 0 { Some (Message :: Submit) } else { None }) . into () }
