---
source: crates/dampen-core/tests/codegen_snapshot_tests.rs
expression: output.code
---
use iced :: { Element , Task } ; use crate :: ui :: window :: * ; # [derive (Clone , Debug)] pub enum Message { HandleSelect (String) } pub fn new_model () -> (Model , Task < Message >) { (Model :: default () , Task :: none ()) } pub fn update_model (model : & mut Model , message : Message) -> Task < Message > { match message { Message :: HandleSelect (value) => { handle_select (model , value) ; iced :: Task :: none () } } } pub fn view_model (model : & Model) -> Element < '_ , Message > { iced :: widget :: pick_list (& ["Option1" , "Option2" , "Option3"] , model . selected_option . to_string () , | v | Message :: HandleSelect (v)) . into () }
