---
source: crates/dampen-core/tests/codegen_snapshot_tests.rs
expression: output.code
---
use crate :: ui :: window :: { self , Model } ; use iced :: { Element , Task , executor } ; # [derive (Clone , Debug)] pub enum Message { } pub fn new_model () -> (Model , Task < Message >) { (Model :: default () , Task :: none ()) } pub fn update_model (model : & mut Model , message : Message) -> Task < Message > { match message { } } pub fn view_model (model : & Model) -> Element < '_ , Message > { let count = & model . count ; iced :: widget :: scrollable (vec ! [iced :: widget :: column (vec ! [iced :: widget :: text ("Line 1" . to_string ()) , iced :: widget :: text ("Line 2" . to_string ()) , iced :: widget :: text ("Line 3" . to_string ())])]) }
