---
source: crates/gravity-core/tests/codegen_snapshot_tests.rs
expression: output.code
---
# [derive (Clone , Debug)] pub enum Message { submit } impl iced :: Application for Model { type Executor = iced :: executor :: Default ; type Flags = () ; type Message = Message ; fn new (_flags : ()) -> (Self , iced :: Task < Self :: Message >) { (Self :: default () , iced :: Task :: none ()) } fn title (& self) -> String { "Gravity Application" . to_string () } } fn view (& self) -> iced :: Element < '_ , Self :: Message > { iced :: widget :: column (vec ! [iced :: widget :: text ("Header" . to_string ()) , iced :: widget :: button ("Submit" . to_string ()) . on_press (Message :: submit)]) . spacing (10f32) } fn update (& mut self , message : Self :: Message) -> iced :: Task < Self :: Message > { match message { Message :: submit => { submit (self) ; iced :: Task :: none () } } }
